________________________________________________
           TEST FOR VECTOR3D CLASS
________________________________________________
------------------------------------------------
       Test 0: Testing componet x
   successfully completed 1000/1000 test cases
------------------------------------------------
------------------------------------------------
       Test 1: Testing componet y
   successfully completed 1000/1000 test cases
------------------------------------------------
------------------------------------------------
       Test 2: Testing componet z
   successfully completed 1000/1000 test cases
------------------------------------------------
------------------------------------------------
       Test 3: Testing magnitude
   successfully completed 1000/1000 test cases
------------------------------------------------
------------------------------------------------
       Test 4: Testing addition
   successfully completed 1000/1000 test cases
------------------------------------------------
------------------------------------------------
       Test 5: Testing subtraction
   successfully completed 1000/1000 test cases
------------------------------------------------
------------------------------------------------
       Test 6: Testing scalar multiplication
   successfully completed 1000/1000 test cases
------------------------------------------------
------------------------------------------------
       Test 7: Testing scalar division
   successfully completed 1000/1000 test cases
------------------------------------------------
------------------------------------------------
       Test 8: Testing scalar product
   successfully completed 1000/1000 test cases
------------------------------------------------
------------------------------------------------
       Test 9: Testing vector division
   successfully completed 1000/1000 test cases
------------------------------------------------
------------------------------------------------
       Test 10: Testing unit vector
   successfully completed 1000/1000 test cases
------------------------------------------------
------------------------------------------------
       Test 11: Testing orthogonal
   successfully completed 1000/1000 test cases
------------------------------------------------



________________________________________________
           TEST FOR BIN CLASS
________________________________________________
================================================

TEST COPY CONSTRUCTOR
---------------------Test 1 ---------------------

****************
|    (1,1,1)    |
****************
****************
|    (2,1,1)    |
****************
****************
|    (4,1,1)    |
****************
****************
|    (5,1,1)    |
****************


****************
|    (1,1,1)    |
****************
****************
|    (2,1,1)    |
****************
****************
|    (3,1,1)    |
****************
****************
|    (4,1,1)    |
****************
****************
|    (5,1,1)    |
****************

------------------------------------------------

TEST COPY CONSTRUCTOR has passed: true
================================================
================================================

TEST ASSIGNMENT OPERATOR
---------------------Test 1 ---------------------

****************
|    (1,1,1)    |
****************
****************
|    (2,1,1)    |
****************
****************
|    (3,1,1)    |
****************

------------------------------------------------
Error values - assigning a Bin object into the same object:
---------------------Test 2 ---------------------

****************
|    (1,1,1)    |
****************
****************
|    (2,1,1)    |
****************

------------------------------------------------

TEST ASSIGNMENT OPERATOR has passed: true
================================================
================================================

TEST GET X FUNCTION
---------------------Test 1 ---------------------
3
------------------------------------------------
Range value - Input of data not within array length:
---------------------Test 2 ---------------------
0
------------------------------------------------

TEST GET X FUNCTION has passed: true
================================================
================================================

TEST GET Y FUNCTION
---------------------Test 1 ---------------------
1
------------------------------------------------
Range value - Input of data not within array length:
---------------------Test 2 ---------------------
0
------------------------------------------------

TEST GET Y FUNCTION has passed: true
================================================
================================================

TEST GET Z FUNCTION
---------------------Test 1 ---------------------
1
------------------------------------------------
---------------------Test 2 ---------------------
0
------------------------------------------------

TEST GET Z FUNCTION has passed: true
================================================
================================================

TEST ADD FUNCTION
------------------------------------------------

Normal values - add elements within size range

---------------------Test 0 ---------------------


---------------------Test 1 ---------------------

****************
|    (1,1,1)    |
****************

---------------------Test 2 ---------------------

****************
|    (1,1,1)    |
****************
****************
|    (2,1,1)    |
****************

---------------------Test 3 ---------------------

****************
|    (1,1,1)    |
****************
****************
|    (2,1,1)    |
****************
****************
|    (3,1,1)    |
****************

---------------------Test 4 ---------------------

****************
|    (1,1,1)    |
****************
****************
|    (2,1,1)    |
****************
****************
|    (3,1,1)    |
****************
****************
|    (4,1,1)    |
****************

---------------------Test 5 ---------------------

****************
|    (1,1,1)    |
****************
****************
|    (2,1,1)    |
****************
****************
|    (3,1,1)    |
****************
****************
|    (4,1,1)    |
****************
****************
|    (5,1,1)    |
****************

------------------------------------------------
------------------------------------------------

Range values - add elements outside of size range

---------------------Test 0 ---------------------

****************
|    (1,1,1)    |
****************
****************
|    (0,0,0)    |
****************

---------------------Test 1 ---------------------

****************
|    (1,1,1)    |
****************
****************
|    (2,1,1)    |
****************

---------------------Test 2 ---------------------

****************
|    (1,1,1)    |
****************
****************
|    (2,1,1)    |
****************
****************
|    (3,1,1)    |
****************
****************
|    (0,0,0)    |
****************

---------------------Test 3 ---------------------

****************
|    (1,1,1)    |
****************
****************
|    (2,1,1)    |
****************
****************
|    (3,1,1)    |
****************
****************
|    (4,1,1)    |
****************
****************
|    (0,0,0)    |
****************
****************
|    (0,0,0)    |
****************

---------------------Test 4 ---------------------

****************
|    (1,1,1)    |
****************
****************
|    (2,1,1)    |
****************
****************
|    (3,1,1)    |
****************
****************
|    (4,1,1)    |
****************
****************
|    (5,1,1)    |
****************
****************
|    (0,0,0)    |
****************
****************
|    (0,0,0)    |
****************
****************
|    (0,0,0)    |
****************

---------------------Test 5 ---------------------

****************
|    (1,1,1)    |
****************
****************
|    (2,1,1)    |
****************
****************
|    (3,1,1)    |
****************
****************
|    (4,1,1)    |
****************
****************
|    (5,1,1)    |
****************
****************
|    (6,1,1)    |
****************
****************
|    (0,0,0)    |
****************
****************
|    (0,0,0)    |
****************
****************
|    (0,0,0)    |
****************
****************
|    (0,0,0)    |
****************

------------------------------------------------

TEST ADD FUNCTION has passed: true
================================================
================================================

TEST REMOVE FUNCTION
------------------------------------------------

Normal values - remove elements within size range:

---------------------Test 0 ---------------------


---------------------Test 1 ---------------------


---------------------Test 2 ---------------------

****************
|    (1,1,1)    |
****************

---------------------Test 3 ---------------------

****************
|    (1,1,1)    |
****************
****************
|    (3,1,1)    |
****************

---------------------Test 4 ---------------------

****************
|    (1,1,1)    |
****************
****************
|    (2,1,1)    |
****************
****************
|    (4,1,1)    |
****************

---------------------Test 5 ---------------------

****************
|    (1,1,1)    |
****************
****************
|    (2,1,1)    |
****************
****************
|    (4,1,1)    |
****************
****************
|    (5,1,1)    |
****************

------------------------------------------------
------------------------------------------------

Range values - remove elements outside of size range:

---------------------Test 0 ---------------------

****************
|    (1,1,1)    |
****************
****************
|    (0,0,0)    |
****************

---------------------Test 1 ---------------------

****************
|    (1,1,1)    |
****************
****************
|    (2,1,1)    |
****************

---------------------Test 2 ---------------------

****************
|    (1,1,1)    |
****************
****************
|    (2,1,1)    |
****************
****************
|    (3,1,1)    |
****************
****************
|    (0,0,0)    |
****************

---------------------Test 3 ---------------------

****************
|    (1,1,1)    |
****************
****************
|    (2,1,1)    |
****************
****************
|    (3,1,1)    |
****************
****************
|    (4,1,1)    |
****************
****************
|    (0,0,0)    |
****************
****************
|    (0,0,0)    |
****************

---------------------Test 4 ---------------------

****************
|    (1,1,1)    |
****************
****************
|    (2,1,1)    |
****************
****************
|    (3,1,1)    |
****************
****************
|    (4,1,1)    |
****************
****************
|    (5,1,1)    |
****************
****************
|    (0,0,0)    |
****************
****************
|    (0,0,0)    |
****************
****************
|    (0,0,0)    |
****************

---------------------Test 5 ---------------------

****************
|    (1,1,1)    |
****************
****************
|    (2,1,1)    |
****************
****************
|    (3,1,1)    |
****************
****************
|    (4,1,1)    |
****************
****************
|    (5,1,1)    |
****************
****************
|    (6,1,1)    |
****************
****************
|    (0,0,0)    |
****************
****************
|    (0,0,0)    |
****************
****************
|    (0,0,0)    |
****************
****************
|    (0,0,0)    |
****************

------------------------------------------------

Error values - remove elements which are not initialized:

---------------------Test 1 ---------------------

****************
|    (0,0,0)    |
****************
****************
|    (0,0,0)    |
****************
****************
|    (0,0,0)    |
****************
****************
|    (0,0,0)    |
****************

------------------------------------------------

TEST REMOVE FUNCTION has passed: true
================================================
